// Jest Snapshot v1, https://goo.gl/fbAQLP

exports[`Component generates a stable dom 1`] = `"<x-text><x-value>1</x-value> <x-text>minute</x-text> <x-value>1</x-value> <x-text>second</x-text></x-text>"`;

exports[`Component passes tokens to a renderprop and renders them 1`] = `"<div><span>1</span> <strong>minute</strong> <span>1</span> <strong>second</strong></div>"`;

exports[`Component uses a renderprop when supplied 1`] = `"<span>1 minute 1 second</span>"`;
